INFO 2026-02-01 09:00:29,558 services 38437 134860294230144 Alert created: 7e3b2ac2-b556-4dd3-a38c-3f59356897f7 - Alert: CPU Alert
INFO 2026-02-01 09:00:29,808 services 38437 134860294230144 Email sent to admin@example.com
INFO 2026-02-01 09:00:29,810 services 38437 134860294230144 Triggered 1 alerts
INFO 2026-02-01 09:00:30,164 services 38437 134860294230144 Alert created: b4f24383-5927-49cf-911b-a466ff4b445d - Alert: CPU Alert
INFO 2026-02-01 09:00:30,177 services 38437 134860294230144 Email sent to admin@example.com
INFO 2026-02-01 09:00:30,715 services 38437 134860294230144 Alert created: 6f6de70d-fc24-4d2f-9d6c-7c2cdd164cff - Alert: Test Rule
INFO 2026-02-01 09:00:30,734 services 38437 134860294230144 Email sent to test@example.com
INFO 2026-02-01 09:00:30,740 services 38437 134860294230144 Triggered 1 alerts
INFO 2026-02-01 09:00:36,000 services 38437 134860294230144 Alert created: ce31ccb0-aff3-4624-bfeb-435b85b9476e - High CPU Usage
INFO 2026-02-01 09:00:36,014 services 38437 134860294230144 Email sent to admin@example.com
INFO 2026-02-01 09:00:36,026 services 38437 134860294230144 Alert deduplicated: 95d29d5646e0f0318b736bc737af80c4f3d199753e9e0f392f5c4394776f583f
INFO 2026-02-01 09:04:38,995 services 40082 125492261208192 Alert created: ab6dee25-acd1-406c-bd03-4ec9859a17c3 - Alert: CPU Alert
INFO 2026-02-01 09:04:39,086 services 40082 125492261208192 Email sent to admin@example.com
INFO 2026-02-01 09:04:39,088 services 40082 125492261208192 Triggered 1 alerts
INFO 2026-02-01 09:04:39,351 services 40082 125492261208192 Alert created: d1a86f07-c970-4a98-8bbd-826e016dff2f - Alert: CPU Alert
INFO 2026-02-01 09:04:39,361 services 40082 125492261208192 Email sent to admin@example.com
INFO 2026-02-01 09:04:39,704 services 40082 125492261208192 Alert created: a23ad3cd-f096-4d8e-b044-60affc62a076 - Alert: Test Rule
INFO 2026-02-01 09:04:39,715 services 40082 125492261208192 Email sent to test@example.com
INFO 2026-02-01 09:04:39,716 services 40082 125492261208192 Triggered 1 alerts
INFO 2026-02-01 09:04:43,380 services 40082 125492261208192 Alert created: 6f273cc9-5c1d-40dc-803b-ffd5d953b1ef - High CPU Usage
INFO 2026-02-01 09:04:43,405 services 40082 125492261208192 Email sent to admin@example.com
INFO 2026-02-01 09:04:43,413 services 40082 125492261208192 Alert deduplicated: f931a61d11b6f20ada1fd493797742fa679d7553bde31480d5057c333db3664e
INFO 2026-02-01 09:29:45,447 views 44629 134243213017216 Template deleted: Test Template by test@example.com
ERROR 2026-02-01 09:29:51,323 views 44629 134243213017216 Error sharing template: NOT NULL constraint failed: template_dashboards_share.shared_by_id
INFO 2026-02-01 09:29:52,935 views 44629 134243213017216 Template updated: Updated Template by test@example.com
INFO 2026-02-01 09:29:53,868 views 44629 134243213017216 Dashboard created: New Dashboard by test@example.com
ERROR 2026-02-01 09:29:54,926 views 44629 134243213017216 Error creating dashboard: name 'timezone' is not defined
INFO 2026-02-01 09:29:56,017 views 44629 134243213017216 Dashboard deleted: Test Dashboard by test@example.com
ERROR 2026-02-01 09:29:59,661 views 44629 134243213017216 Error sharing dashboard: NOT NULL constraint failed: template_dashboards_dashboard_share.shared_by_id
INFO 2026-02-01 09:30:00,252 views 44629 134243213017216 Dashboard updated: Updated Dashboard by test@example.com
INFO 2026-02-01 09:44:06,805 views 52816 125038269476992 Template deleted: Test Template by test@example.com
INFO 2026-02-01 09:44:11,389 views 52816 125038269476992 Template shared: Test Template with other@example.com by test@example.com
INFO 2026-02-01 09:44:12,576 views 52816 125038269476992 Template updated: Updated Template by test@example.com
INFO 2026-02-01 09:44:13,116 views 52816 125038269476992 Dashboard created: New Dashboard by test@example.com
INFO 2026-02-01 09:44:14,257 views 52816 125038269476992 Dashboard deleted: Test Dashboard by test@example.com
INFO 2026-02-01 09:44:16,631 views 52816 125038269476992 Dashboard shared: Test Dashboard with other@example.com by test@example.com
INFO 2026-02-01 09:44:17,774 views 52816 125038269476992 Dashboard updated: Updated Dashboard by test@example.com
INFO 2026-02-01 09:47:09,566 views 59299 130502256742528 Template created: New Template by test@example.com
INFO 2026-02-01 09:47:12,263 views 59299 130502256742528 Template deleted: Test Template by test@example.com
INFO 2026-02-01 09:47:16,805 views 59299 130502256742528 Template shared: Test Template with other@example.com by test@example.com
INFO 2026-02-01 09:47:18,078 views 59299 130502256742528 Template updated: Updated Template by test@example.com
INFO 2026-02-01 09:47:18,619 views 59299 130502256742528 Dashboard created: New Dashboard by test@example.com
INFO 2026-02-01 09:47:19,271 views 59299 130502256742528 Dashboard created: Dashboard from Template by test@example.com
INFO 2026-02-01 09:47:20,080 views 59299 130502256742528 Dashboard deleted: Test Dashboard by test@example.com
INFO 2026-02-01 09:47:23,401 views 59299 130502256742528 Dashboard shared: Test Dashboard with other@example.com by test@example.com
INFO 2026-02-01 09:47:23,993 views 59299 130502256742528 Dashboard updated: Updated Dashboard by test@example.com
ERROR 2026-02-01 09:52:00,279 views 65652 126885353324672 Validation error creating template version: {'is_public': ['“None” value must be either True or False.']}
ERROR 2026-02-01 09:52:00,280 views 65652 126885353324672 Validation error details: {'is_public': ['“None” value must be either True or False.']}
ERROR 2026-02-01 09:52:50,102 views 65902 138222894633088 Error creating template version: NOT NULL constraint failed: template_dashboards_template.widget_configs
ERROR 2026-02-01 09:53:42,715 views 66189 124765260886144 Error creating template version: NOT NULL constraint failed: template_dashboards_template.category
INFO 2026-02-01 09:54:27,492 views 66469 127802243330176 Template version created: Test Template v1.1.0 by test@example.com
INFO 2026-02-01 09:55:18,213 views 66779 134770109866112 Template created: New Template by test@example.com
INFO 2026-02-01 09:55:19,347 views 66779 134770109866112 Template version created: Test Template v1.1.0 by test@example.com
INFO 2026-02-01 09:55:21,027 views 66779 134770109866112 Template deleted: Test Template by test@example.com
INFO 2026-02-01 09:55:25,935 views 66779 134770109866112 Template shared: Test Template with other@example.com by test@example.com
INFO 2026-02-01 09:55:27,192 views 66779 134770109866112 Template updated: Updated Template by test@example.com
INFO 2026-02-01 09:55:27,967 views 66779 134770109866112 Dashboard created: New Dashboard by test@example.com
INFO 2026-02-01 09:55:28,733 views 66779 134770109866112 Dashboard created: Dashboard from Template by test@example.com
INFO 2026-02-01 09:55:29,678 views 66779 134770109866112 Dashboard deleted: Test Dashboard by test@example.com
INFO 2026-02-01 09:55:32,355 views 66779 134770109866112 Dashboard shared: Test Dashboard with other@example.com by test@example.com
INFO 2026-02-01 09:55:33,002 views 66779 134770109866112 Dashboard updated: Updated Dashboard by test@example.com
INFO 2026-02-01 10:09:55,465 views 75809 125724763160704 Created observability target: new-service
INFO 2026-02-01 10:13:18,945 views 76270 134838872461440 Created observability target: new-service
INFO 2026-02-01 10:13:45,247 autoreload 76543 128161546567808 Watching for file changes with StatReloader
INFO 2026-02-01 10:14:00,144 log 76543 128161112749760 "GET /api/v1/grail/health/ HTTP/1.1" 200 149
INFO 2026-02-01 10:14:17,149 log 76543 128161112749760 "GET /api/v1/grail/dashboard/summary/ HTTP/1.1" 200 228
INFO 2026-02-01 10:14:30,666 log 76543 128161112749760 "GET /api/v1/grail/dashboard/summary/ HTTP/1.1" 200 228
ERROR 2026-02-01 10:26:24,251 views 78711 131264049434752 Integration API error: ['Invalid JSON data']
Traceback (most recent call last):
  File "/home/mbanabila/Documents/kiro-projects/observer-eye/backend/observer/integration/views.py", line 44, in get_json_data
    return json.loads(request.body) if request.body else {}
           ^^^^^^^^^^^^^^^^^^^^^^^^
  File "/usr/lib/python3.12/json/__init__.py", line 346, in loads
    return _default_decoder.decode(s)
           ^^^^^^^^^^^^^^^^^^^^^^^^^^
  File "/usr/lib/python3.12/json/decoder.py", line 337, in decode
    obj, end = self.raw_decode(s, idx=_w(s, 0).end())
               ^^^^^^^^^^^^^^^^^^^^^^^^^^^^^^^^^^^^^^
  File "/usr/lib/python3.12/json/decoder.py", line 355, in raw_decode
    raise JSONDecodeError("Expecting value", s, err.value) from None
json.decoder.JSONDecodeError: Expecting value: line 1 column 1 (char 0)

During handling of the above exception, another exception occurred:

Traceback (most recent call last):
  File "/home/mbanabila/Documents/kiro-projects/observer-eye/backend/observer/integration/views.py", line 33, in dispatch
    return super().dispatch(request, *args, **kwargs)
           ^^^^^^^^^^^^^^^^^^^^^^^^^^^^^^^^^^^^^^^^^^
  File "/home/mbanabila/Documents/kiro-projects/observer-eye/backend/venv1/lib/python3.12/site-packages/django/views/generic/base.py", line 145, in dispatch
    return handler(request, *args, **kwargs)
           ^^^^^^^^^^^^^^^^^^^^^^^^^^^^^^^^^
  File "/home/mbanabila/Documents/kiro-projects/observer-eye/backend/observer/integration/views.py", line 119, in post
    data = self.get_json_data(request)
           ^^^^^^^^^^^^^^^^^^^^^^^^^^^
  File "/home/mbanabila/Documents/kiro-projects/observer-eye/backend/observer/integration/views.py", line 46, in get_json_data
    raise ValidationError("Invalid JSON data")
django.core.exceptions.ValidationError: ['Invalid JSON data']
ERROR 2026-02-01 10:26:24,291 views 78711 131264049434752 Integration API error: No ExternalSystem matches the given query.
Traceback (most recent call last):
  File "/home/mbanabila/Documents/kiro-projects/observer-eye/backend/venv1/lib/python3.12/site-packages/django/shortcuts.py", line 90, in get_object_or_404
    return queryset.get(*args, **kwargs)
           ^^^^^^^^^^^^^^^^^^^^^^^^^^^^^
  File "/home/mbanabila/Documents/kiro-projects/observer-eye/backend/venv1/lib/python3.12/site-packages/django/db/models/query.py", line 639, in get
    raise self.model.DoesNotExist(
integration.models.ExternalSystem.DoesNotExist: ExternalSystem matching query does not exist.

During handling of the above exception, another exception occurred:

Traceback (most recent call last):
  File "/home/mbanabila/Documents/kiro-projects/observer-eye/backend/observer/integration/views.py", line 33, in dispatch
    return super().dispatch(request, *args, **kwargs)
           ^^^^^^^^^^^^^^^^^^^^^^^^^^^^^^^^^^^^^^^^^^
  File "/home/mbanabila/Documents/kiro-projects/observer-eye/backend/venv1/lib/python3.12/site-packages/django/views/generic/base.py", line 145, in dispatch
    return handler(request, *args, **kwargs)
           ^^^^^^^^^^^^^^^^^^^^^^^^^^^^^^^^^
  File "/home/mbanabila/Documents/kiro-projects/observer-eye/backend/observer/integration/views.py", line 74, in get
    system = get_object_or_404(ExternalSystem, id=system_id, is_active=True)
             ^^^^^^^^^^^^^^^^^^^^^^^^^^^^^^^^^^^^^^^^^^^^^^^^^^^^^^^^^^^^^^^
  File "/home/mbanabila/Documents/kiro-projects/observer-eye/backend/venv1/lib/python3.12/site-packages/django/shortcuts.py", line 92, in get_object_or_404
    raise Http404(
django.http.response.Http404: No ExternalSystem matches the given query.
INFO 2026-02-01 10:32:38,422 signals 80269 134146102857856 External system created: Test System (api)
INFO 2026-02-01 10:32:38,427 signals 80269 134146102857856 Data connector created: Test Connector (pull)
INFO 2026-02-01 10:32:38,431 signals 80269 134146102857856 External system created: Test System (api)
INFO 2026-02-01 10:32:38,432 signals 80269 134146102857856 Data connector created: Test Connector (pull)
INFO 2026-02-01 10:32:38,439 signals 80269 134146102857856 External system created: Test System (api)
INFO 2026-02-01 10:32:38,442 signals 80269 134146102857856 Data connector created: Test Connector (pull)
INFO 2026-02-01 10:32:38,451 signals 80269 134146102857856 External system created: Test System (api)
INFO 2026-02-01 10:32:38,452 signals 80269 134146102857856 Data connector created: Test Connector (pull)
INFO 2026-02-01 10:32:38,465 signals 80269 134146102857856 External system created: Test API (api)
INFO 2026-02-01 10:32:38,472 signals 80269 134146102857856 External system created: Test System (api)
INFO 2026-02-01 10:32:38,476 signals 80269 134146102857856 External system updated: Test System (api)
INFO 2026-02-01 10:32:38,479 signals 80269 134146102857856 External system updated: Test System (api)
INFO 2026-02-01 10:32:38,484 signals 80269 134146102857856 External system created: Test System (database)
INFO 2026-02-01 10:32:38,615 signals 80269 134146102857856 External system created: Test System (api)
INFO 2026-02-01 10:32:38,622 signals 80269 134146102857856 External system created: Test System (api)
INFO 2026-02-01 10:32:38,631 signals 80269 134146102857856 External system created: Test System (api)
INFO 2026-02-01 10:32:38,635 signals 80269 134146102857856 External system created: New Test System (database)
INFO 2026-02-01 10:32:38,648 signals 80269 134146102857856 External system created: Test System (api)
INFO 2026-02-01 10:32:38,660 signals 80269 134146102857856 External system created: Test System (api)
INFO 2026-02-01 10:32:38,674 signals 80269 134146102857856 External system created: Test System (api)
INFO 2026-02-01 10:32:38,687 signals 80269 134146102857856 External system created: Test System (api)
INFO 2026-02-01 10:32:38,715 signals 80269 134146102857856 External system created: Test System (api)
INFO 2026-02-01 10:32:38,721 signals 80269 134146102857856 Service registered: test-service:test-001 at localhost:8400
INFO 2026-02-01 10:32:38,731 signals 80269 134146102857856 Service registered: observer-api:api-001 at localhost:8400
INFO 2026-02-01 10:32:38,734 signals 80269 134146102857856 Service registered: test-service:test-001 at api.example.com:443
INFO 2026-02-01 10:32:38,738 signals 80269 134146102857856 Service registered: test-service:test-001 at localhost:8000
INFO 2026-02-01 10:33:44,432 signals 80557 135738763587712 External system created: Test System (api)
INFO 2026-02-01 10:33:44,438 signals 80557 135738763587712 Data connector created: Test Connector (pull)
INFO 2026-02-01 10:33:44,447 signals 80557 135738763587712 External system created: Test System (api)
INFO 2026-02-01 10:33:44,453 signals 80557 135738763587712 Data connector created: Test Connector (pull)
INFO 2026-02-01 10:33:44,464 signals 80557 135738763587712 External system created: Test System (api)
INFO 2026-02-01 10:33:44,468 signals 80557 135738763587712 Data connector created: Test Connector (pull)
INFO 2026-02-01 10:33:44,483 signals 80557 135738763587712 External system created: Test System (api)
INFO 2026-02-01 10:33:44,486 signals 80557 135738763587712 Data connector created: Test Connector (pull)
INFO 2026-02-01 10:33:44,502 signals 80557 135738763587712 External system created: Test API (api)
INFO 2026-02-01 10:33:44,510 signals 80557 135738763587712 External system created: Test System (api)
INFO 2026-02-01 10:33:44,513 signals 80557 135738763587712 External system updated: Test System (api)
INFO 2026-02-01 10:33:44,516 signals 80557 135738763587712 External system updated: Test System (api)
INFO 2026-02-01 10:33:44,526 signals 80557 135738763587712 External system created: Test System (database)
INFO 2026-02-01 10:33:44,671 signals 80557 135738763587712 External system created: Test System (api)
INFO 2026-02-01 10:33:44,680 signals 80557 135738763587712 External system created: Test System (api)
INFO 2026-02-01 10:33:44,686 signals 80557 135738763587712 External system created: Test System (api)
INFO 2026-02-01 10:33:44,692 signals 80557 135738763587712 External system created: New Test System (database)
INFO 2026-02-01 10:33:44,705 signals 80557 135738763587712 External system created: Test System (api)
INFO 2026-02-01 10:33:44,716 signals 80557 135738763587712 External system created: Test System (api)
INFO 2026-02-01 10:33:44,732 signals 80557 135738763587712 External system created: Test System (api)
INFO 2026-02-01 10:33:44,744 signals 80557 135738763587712 External system created: Test System (api)
INFO 2026-02-01 10:33:44,767 signals 80557 135738763587712 External system created: Test System (api)
INFO 2026-02-01 10:33:44,774 signals 80557 135738763587712 Service registered: test-service:test-001 at localhost:8400
INFO 2026-02-01 10:33:44,781 signals 80557 135738763587712 Service registered: observer-api:api-001 at localhost:8400
INFO 2026-02-01 10:33:44,784 signals 80557 135738763587712 Service registered: test-service:test-001 at api.example.com:443
INFO 2026-02-01 10:33:44,787 signals 80557 135738763587712 Service registered: test-service:test-001 at localhost:8000
INFO 2026-02-01 10:55:10,587 views 87280 129900982276224 Created observability target: new-service
INFO 2026-02-01 10:55:10,680 signals 87280 129900982276224 External system created: Test System (api)
INFO 2026-02-01 10:55:10,684 signals 87280 129900982276224 Data connector created: Test Connector (pull)
INFO 2026-02-01 10:55:10,692 signals 87280 129900982276224 External system created: Test System (api)
INFO 2026-02-01 10:55:10,696 signals 87280 129900982276224 Data connector created: Test Connector (pull)
INFO 2026-02-01 10:55:10,705 signals 87280 129900982276224 External system created: Test System (api)
INFO 2026-02-01 10:55:10,708 signals 87280 129900982276224 Data connector created: Test Connector (pull)
INFO 2026-02-01 10:55:10,722 signals 87280 129900982276224 External system created: Test System (api)
INFO 2026-02-01 10:55:10,728 signals 87280 129900982276224 Data connector created: Test Connector (pull)
INFO 2026-02-01 10:55:10,740 signals 87280 129900982276224 External system created: Test API (api)
INFO 2026-02-01 10:55:10,750 signals 87280 129900982276224 External system created: Test System (api)
INFO 2026-02-01 10:55:10,754 signals 87280 129900982276224 External system updated: Test System (api)
INFO 2026-02-01 10:55:10,757 signals 87280 129900982276224 External system updated: Test System (api)
INFO 2026-02-01 10:55:10,768 signals 87280 129900982276224 External system created: Test System (database)
INFO 2026-02-01 10:55:10,860 signals 87280 129900982276224 External system created: Test System (api)
INFO 2026-02-01 10:55:10,871 signals 87280 129900982276224 External system created: Test System (api)
INFO 2026-02-01 10:55:10,882 signals 87280 129900982276224 External system created: Test System (api)
INFO 2026-02-01 10:55:10,888 signals 87280 129900982276224 External system created: New Test System (database)
INFO 2026-02-01 10:55:10,903 signals 87280 129900982276224 External system created: Test System (api)
INFO 2026-02-01 10:55:10,917 signals 87280 129900982276224 External system created: Test System (api)
INFO 2026-02-01 10:55:10,935 signals 87280 129900982276224 External system created: Test System (api)
INFO 2026-02-01 10:55:10,950 signals 87280 129900982276224 External system created: Test System (api)
INFO 2026-02-01 10:55:10,983 signals 87280 129900982276224 External system created: Test System (api)
INFO 2026-02-01 10:55:10,995 signals 87280 129900982276224 Service registered: test-service:test-001 at localhost:8400
INFO 2026-02-01 10:55:11,003 signals 87280 129900982276224 Service registered: observer-api:api-001 at localhost:8400
INFO 2026-02-01 10:55:11,009 signals 87280 129900982276224 Service registered: test-service:test-001 at api.example.com:443
INFO 2026-02-01 10:55:11,015 signals 87280 129900982276224 Service registered: test-service:test-001 at localhost:8000
INFO 2026-02-01 10:55:11,419 services 87280 129900982276224 Alert created: 2ac5374a-3c20-448d-a1ec-a7c7f637db89 - Alert: CPU Alert
INFO 2026-02-01 10:55:11,586 services 87280 129900982276224 Email sent to admin@example.com
INFO 2026-02-01 10:55:11,593 services 87280 129900982276224 Triggered 1 alerts
INFO 2026-02-01 10:55:12,017 services 87280 129900982276224 Alert created: 0f2e43fb-78d8-4d1a-8ab8-450a728a157d - Alert: CPU Alert
INFO 2026-02-01 10:55:12,031 services 87280 129900982276224 Email sent to admin@example.com
INFO 2026-02-01 10:55:12,430 services 87280 129900982276224 Alert created: f5979c3a-5f0b-405c-aa14-b2ee79c59eb2 - Alert: Test Rule
INFO 2026-02-01 10:55:12,440 services 87280 129900982276224 Email sent to test@example.com
INFO 2026-02-01 10:55:12,442 services 87280 129900982276224 Triggered 1 alerts
INFO 2026-02-01 10:55:15,952 services 87280 129900982276224 Alert created: e77338e7-ed14-45bb-ab51-fb345717a9b3 - High CPU Usage
INFO 2026-02-01 10:55:15,963 services 87280 129900982276224 Email sent to admin@example.com
INFO 2026-02-01 10:55:15,967 services 87280 129900982276224 Alert deduplicated: af7af83333f53b6d95ce55026a1cba95c523fa554a1c16c36e5ebe6890bbe8bb
INFO 2026-02-01 10:55:32,159 views 87280 129900982276224 Template created: New Template by test@example.com
INFO 2026-02-01 10:55:33,283 views 87280 129900982276224 Template version created: Test Template v1.1.0 by test@example.com
INFO 2026-02-01 10:55:34,698 views 87280 129900982276224 Template deleted: Test Template by test@example.com
INFO 2026-02-01 10:55:39,659 views 87280 129900982276224 Template shared: Test Template with other@example.com by test@example.com
INFO 2026-02-01 10:55:40,890 views 87280 129900982276224 Template updated: Updated Template by test@example.com
INFO 2026-02-01 10:55:41,511 views 87280 129900982276224 Dashboard created: New Dashboard by test@example.com
INFO 2026-02-01 10:55:42,369 views 87280 129900982276224 Dashboard created: Dashboard from Template by test@example.com
INFO 2026-02-01 10:55:43,403 views 87280 129900982276224 Dashboard deleted: Test Dashboard by test@example.com
INFO 2026-02-01 10:55:47,198 views 87280 129900982276224 Dashboard shared: Test Dashboard with other@example.com by test@example.com
INFO 2026-02-01 10:55:47,786 views 87280 129900982276224 Dashboard updated: Updated Dashboard by test@example.com
INFO 2026-02-01 10:58:59,957 views 95407 133826933121152 Created observability target: new-service
INFO 2026-02-01 10:59:00,041 signals 95407 133826933121152 External system created: Test System (api)
INFO 2026-02-01 10:59:00,043 signals 95407 133826933121152 Data connector created: Test Connector (pull)
INFO 2026-02-01 10:59:00,050 signals 95407 133826933121152 External system created: Test System (api)
INFO 2026-02-01 10:59:00,053 signals 95407 133826933121152 Data connector created: Test Connector (pull)
INFO 2026-02-01 10:59:00,061 signals 95407 133826933121152 External system created: Test System (api)
INFO 2026-02-01 10:59:00,063 signals 95407 133826933121152 Data connector created: Test Connector (pull)
INFO 2026-02-01 10:59:00,076 signals 95407 133826933121152 External system created: Test System (api)
INFO 2026-02-01 10:59:00,078 signals 95407 133826933121152 Data connector created: Test Connector (pull)
INFO 2026-02-01 10:59:00,090 signals 95407 133826933121152 External system created: Test API (api)
INFO 2026-02-01 10:59:00,095 signals 95407 133826933121152 External system created: Test System (api)
INFO 2026-02-01 10:59:00,098 signals 95407 133826933121152 External system updated: Test System (api)
INFO 2026-02-01 10:59:00,101 signals 95407 133826933121152 External system updated: Test System (api)
INFO 2026-02-01 10:59:00,111 signals 95407 133826933121152 External system created: Test System (database)
INFO 2026-02-01 10:59:00,191 signals 95407 133826933121152 External system created: Test System (api)
INFO 2026-02-01 10:59:00,200 signals 95407 133826933121152 External system created: Test System (api)
INFO 2026-02-01 10:59:00,211 signals 95407 133826933121152 External system created: Test System (api)
INFO 2026-02-01 10:59:00,219 signals 95407 133826933121152 External system created: New Test System (database)
INFO 2026-02-01 10:59:00,231 signals 95407 133826933121152 External system created: Test System (api)
INFO 2026-02-01 10:59:00,244 signals 95407 133826933121152 External system created: Test System (api)
INFO 2026-02-01 10:59:00,261 signals 95407 133826933121152 External system created: Test System (api)
INFO 2026-02-01 10:59:00,288 signals 95407 133826933121152 External system created: Test System (api)
INFO 2026-02-01 10:59:00,314 signals 95407 133826933121152 External system created: Test System (api)
INFO 2026-02-01 10:59:00,326 signals 95407 133826933121152 Service registered: test-service:test-001 at localhost:8400
INFO 2026-02-01 10:59:00,335 signals 95407 133826933121152 Service registered: observer-api:api-001 at localhost:8400
INFO 2026-02-01 10:59:00,341 signals 95407 133826933121152 Service registered: test-service:test-001 at api.example.com:443
INFO 2026-02-01 10:59:00,345 signals 95407 133826933121152 Service registered: test-service:test-001 at localhost:8000
INFO 2026-02-01 10:59:00,606 services 95407 133826933121152 Alert created: 3faf25b4-4044-4f4c-a7fc-3f6132cf3df7 - Alert: CPU Alert
INFO 2026-02-01 10:59:00,716 services 95407 133826933121152 Email sent to admin@example.com
INFO 2026-02-01 10:59:00,718 services 95407 133826933121152 Triggered 1 alerts
INFO 2026-02-01 10:59:00,944 services 95407 133826933121152 Alert created: cffb699b-7aa1-4306-a08a-c8833d09b0fc - Alert: CPU Alert
INFO 2026-02-01 10:59:00,956 services 95407 133826933121152 Email sent to admin@example.com
INFO 2026-02-01 10:59:01,205 services 95407 133826933121152 Alert created: 7d01d4f0-6371-4638-b3d1-ffc138121469 - Alert: Test Rule
INFO 2026-02-01 10:59:01,216 services 95407 133826933121152 Email sent to test@example.com
INFO 2026-02-01 10:59:01,217 services 95407 133826933121152 Triggered 1 alerts
INFO 2026-02-01 10:59:04,729 services 95407 133826933121152 Alert created: 7f26f124-ccc9-4436-ac12-9a10e4a3a096 - High CPU Usage
INFO 2026-02-01 10:59:04,743 services 95407 133826933121152 Email sent to admin@example.com
INFO 2026-02-01 10:59:04,747 services 95407 133826933121152 Alert deduplicated: 7b21723f19ce58d84bb7de0a58132cbf1507a3fac4d6903144409d9783f79e2a
INFO 2026-02-01 10:59:19,180 views 95407 133826933121152 Template created: New Template by test@example.com
INFO 2026-02-01 10:59:20,770 views 95407 133826933121152 Template version created: Test Template v1.1.0 by test@example.com
INFO 2026-02-01 10:59:22,165 views 95407 133826933121152 Template deleted: Test Template by test@example.com
INFO 2026-02-01 10:59:26,683 views 95407 133826933121152 Template shared: Test Template with other@example.com by test@example.com
INFO 2026-02-01 10:59:27,852 views 95407 133826933121152 Template updated: Updated Template by test@example.com
INFO 2026-02-01 10:59:28,436 views 95407 133826933121152 Dashboard created: New Dashboard by test@example.com
INFO 2026-02-01 10:59:28,967 views 95407 133826933121152 Dashboard created: Dashboard from Template by test@example.com
INFO 2026-02-01 10:59:29,523 views 95407 133826933121152 Dashboard deleted: Test Dashboard by test@example.com
INFO 2026-02-01 10:59:32,689 views 95407 133826933121152 Dashboard shared: Test Dashboard with other@example.com by test@example.com
INFO 2026-02-01 10:59:33,219 views 95407 133826933121152 Dashboard updated: Updated Dashboard by test@example.com
